// Jest Snapshot v1, https://goo.gl/fbAQLP

exports[`placeholder prop 1`] = `
<div class="van-nav-bar__placeholder" style="height: 50px;">
  <div class="van-nav-bar van-nav-bar--fixed van-hairline--bottom">
    <div class="van-nav-bar__left"></div>
    <div class="van-nav-bar__title van-ellipsis"></div>
    <div class="van-nav-bar__right"></div>
  </div>
</div>
`;

exports[`render left & right slot 1`] = `
<div class="van-nav-bar van-hairline--bottom">
  <div class="van-nav-bar__left">Custom Left</div>
  <div class="van-nav-bar__title van-ellipsis"></div>
  <div class="van-nav-bar__right">Custom Right</div>
</div>
`;

exports[`render title slot 1`] = `
<div class="van-nav-bar van-hairline--bottom">
  <div class="van-nav-bar__left"></div>
  <div class="van-nav-bar__title van-ellipsis">Custom Title</div>
  <div class="van-nav-bar__right"></div>
</div>
`;
