// Jest Snapshot v1, https://goo.gl/fbAQLP

exports[`renders demo correctly 1`] = `
<div>
  <div>
    <div role="button" tabindex="0" class="van-cell van-cell--clickable van-cell--center van-cell--borderless van-contact-card van-contact-card--add"><i class="van-icon van-icon-add-square van-cell__left-icon">
        <!----></i>
      <div class="van-cell__value van-cell__value--alone van-contact-card__value">添加联系人</div><i class="van-icon van-icon-arrow van-cell__right-icon">
        <!----></i>
    </div>
    <div class="van-popup van-popup--bottom" style="display: none;" name="van-popup-slide-bottom">
      <div class="van-contact-list">
        <div role="radiogroup" class="van-radio-group van-contact-list__group">
          <div role="button" tabindex="0" class="van-cell van-cell--clickable van-cell--center van-contact-list__item"><i class="van-icon van-icon-edit van-contact-list__edit">
              <!----></i>
            <div class="van-cell__value van-cell__value--alone van-contact-list__item-value">张三，13000000000<span class="van-tag van-tag--round van-tag--danger van-contact-list__item-tag">默认</span></div>
            <div role="radio" tabindex="-1" aria-checked="false" class="van-radio">
              <div class="van-radio__icon van-radio__icon--round" style="font-size: 16px;"><i class="van-icon van-icon-success">
                  <!----></i></div>
            </div>
          </div>
        </div>
        <div class="van-contact-list__bottom"><button class="van-button van-button--danger van-button--normal van-button--block van-button--round van-contact-list__add">
            <div class="van-button__content"><span class="van-button__text">新建联系人</span></div>
          </button></div>
      </div>
    </div>
    <div class="van-popup van-popup--bottom" style="display: none;" name="van-popup-slide-bottom">
      <div class="van-contact-edit">
        <div class="van-contact-edit__fields">
          <div class="van-cell van-field">
            <div class="van-cell__title van-field__label"><span>张三</span></div>
            <div class="van-cell__value van-field__value">
              <div class="van-field__body"><input type="text" placeholder="请填写姓名" class="van-field__control"></div>
            </div>
          </div>
          <div class="van-cell van-field">
            <div class="van-cell__title van-field__label"><span>电话</span></div>
            <div class="van-cell__value van-field__value">
              <div class="van-field__body"><input type="tel" placeholder="请填写电话" class="van-field__control"></div>
            </div>
          </div>
        </div>
        <div class="van-cell van-cell--borderless van-contact-edit__switch-cell">
          <div class="van-cell__title"><span>设为默认联系人</span></div>
          <div role="switch" aria-checked="false" class="van-switch" style="font-size: 24px;">
            <div class="van-switch__node"></div>
          </div>
        </div>
        <div class="van-contact-edit__buttons"><button class="van-button van-button--danger van-button--normal van-button--block van-button--round">
            <div class="van-button__content"><span class="van-button__text">保存</span></div>
          </button></div>
      </div>
    </div>
  </div>
  <div>
    <div class="van-cell van-cell--center van-cell--borderless van-contact-card van-contact-card--edit"><i class="van-icon van-icon-contact van-cell__left-icon">
        <!----></i>
      <div class="van-cell__value van-cell__value--alone van-contact-card__value">
        <div>张三：张三</div>
        <div>电话：13000000000</div>
      </div>
    </div>
  </div>
</div>
`;
